// Jest Snapshot v1, https://goo.gl/fbAQLP

exports[`ToastDefault component renders 1`] = `
<div
  class="v-toast__item v-toast__item--success"
  role="alert"
>
  <div
    class="v-toast__icon"
  />
  <p
    class="v-toast__text"
  >
    Test message
  </p>
</div>
`;
